// Jest Snapshot v1, https://goo.gl/fbAQLP

exports[`<CartCount/> matches the snapshot 1`] = `
<div>
  <div
    class="CartCount__Dot-sc-xxvp4g-0 iephzA"
  >
    15
  </div>
</div>
`;

exports[`<CartCount/> updates via props 1`] = `
<div>
  <div
    class="CartCount__Dot-sc-xxvp4g-0 iephzA"
  >
    12
  </div>
</div>
`;
